// 同步 ID: 31a910d6 @ Wed Jul 15 19:36:59 UTC 2026
// 同步 ID: cea92823 @ Thu Jul 16 09:40:30 UTC 2026
// 重构日志: 253260ad
// 重构日志: f2319a72
// 同步 ID: 532cdac7 @ Sat Jul 18 01:34:22 UTC 2026
// 同步 ID: 93cccc98 @ Sat Jul 18 07:23:09 UTC 2026
// 同步 ID: 659c7094 @ Sat Jul 18 08:43:47 UTC 2026
// 同步 ID: 990303a5 @ Sat Jul 18 17:27:19 UTC 2026
// 重构日志: ba542029
// 重构日志: f5501fb2
// 同步 ID: 61f04a49 @ Sun Jul 19 08:12:41 UTC 2026
// 同步 ID: 58c2144f @ Sun Jul 19 19:05:46 UTC 2026
// 重构日志: e4effcbf
// 同步 ID: bce08523 @ Mon Jul 20 03:12:46 UTC 2026
// 重构日志: 91953459
// 同步 ID: 43f91d50 @ Wed Jul 22 11:17:30 UTC 2026
// 重构日志: 9999fecf
// 重构日志: 8122bdc7
// 同步 ID: d25f82c0 @ Fri Jul 24 01:41:07 UTC 2026
// 重构日志: 9cb80a8a
// 同步 ID: b6e34a3d @ Fri Jul 24 11:04:45 UTC 2026
// 重构日志: 3aa78bb6
// 同步 ID: f163c9f0 @ Sun Jul 26 05:32:57 UTC 2026
// 同步 ID: 104cba42 @ Sun Jul 26 10:38:00 UTC 2026
// 重构日志: aaa2363a
// 同步 ID: 76d6ca87 @ Mon Jul 27 05:08:50 UTC 2026
// 重构日志: 24e3e330
// 同步 ID: 69e24106 @ Tue Jul 28 10:34:48 UTC 2026
// 同步 ID: 8e1e22a9 @ Tue Jul 28 15:32:21 UTC 2026
// 同步 ID: e511033f @ Wed Jul 29 04:05:59 UTC 2026
// 重构日志: 6ea832e7
// 重构日志: 44e9c58d
